exp18 seed=42 git_sha=7c5ff51e5b48a684593a7e390e9a0bc65a0cc94d-dirty smoke=False
  scenario 02-Semiurban; network features: 23 base + 2 extended (view N+)
  train: 21651 uniform 2s bins; 0 grid points before the first snapshot; max LOCF staleness 7.10s
  test: 21652 uniform 2s bins; 0 grid points before the first snapshot; max LOCF staleness 5.75s
  attack-free train bins carry 0 attack labels; test base rate 0.2308
  view P: k=64 (0.9380 of fit variance), 1860/5731 constant in fit
  view N: k=5 (0.9912 of fit variance), 9/23 constant in fit
  view N+: k=6 (0.9923 of fit variance), 9/25 constant in fit
  P_pca_spe            AUC-PR=0.2766 (base 0.2308, lift 1.20x) ROC-AUC=0.5210 | FPR non-attack 0.105
  N_pca_spe            AUC-PR=0.5599 (base 0.2308, lift 2.43x) ROC-AUC=0.6778 | FPR non-attack 0.079
  N_top_k_mean_abs_z   AUC-PR=0.5574 (base 0.2308, lift 2.41x) ROC-AUC=0.6811 | FPR non-attack 0.066
  PN_max               AUC-PR=0.5989 (base 0.2308, lift 2.59x) ROC-AUC=0.7276 | FPR non-attack 0.171
  PN_mean              AUC-PR=0.5958 (base 0.2308, lift 2.58x) ROC-AUC=0.7231 | FPR non-attack 0.148
  Nplus_pca_spe        AUC-PR=0.5618 (base 0.2308, lift 2.43x) ROC-AUC=0.6806 | FPR non-attack 0.084
  PNplus_mean          AUC-PR=0.5957 (base 0.2308, lift 2.58x) ROC-AUC=0.7224 | FPR non-attack 0.150

attack-type breakdown (mean event AUROC; events >= 0.9):
  N_pca_spe            arp-spoof:arp-spoof-dos                0.96  (5/6)
  N_pca_spe            control-and-freeze:control-and-freeze  0.66  (1/5)
  N_pca_spe            drift-off:drift-off                    0.71  (2/9)
  N_pca_spe            industroyer:industroyer                0.49  (1/9)
  N_top_k_mean_abs_z   arp-spoof:arp-spoof-dos                0.94  (5/6)
  N_top_k_mean_abs_z   control-and-freeze:control-and-freeze  0.64  (1/5)
  N_top_k_mean_abs_z   drift-off:drift-off                    0.70  (2/9)
  N_top_k_mean_abs_z   industroyer:industroyer                0.55  (1/9)
  Nplus_pca_spe        arp-spoof:arp-spoof-dos                0.95  (5/6)
  Nplus_pca_spe        control-and-freeze:control-and-freeze  0.66  (1/5)
  Nplus_pca_spe        drift-off:drift-off                    0.71  (2/9)
  Nplus_pca_spe        industroyer:industroyer                0.53  (1/9)
  PN_max               arp-spoof:arp-spoof-dos                0.94  (5/6)
  PN_max               control-and-freeze:control-and-freeze  0.73  (1/5)
  PN_max               drift-off:drift-off                    0.66  (2/9)
  PN_max               industroyer:industroyer                0.86  (7/9)
  PN_mean              arp-spoof:arp-spoof-dos                0.94  (5/6)
  PN_mean              control-and-freeze:control-and-freeze  0.72  (1/5)
  PN_mean              drift-off:drift-off                    0.66  (2/9)
  PN_mean              industroyer:industroyer                0.85  (6/9)
  PNplus_mean          arp-spoof:arp-spoof-dos                0.94  (5/6)
  PNplus_mean          control-and-freeze:control-and-freeze  0.72  (1/5)
  PNplus_mean          drift-off:drift-off                    0.66  (2/9)
  PNplus_mean          industroyer:industroyer                0.86  (7/9)
  P_pca_spe            arp-spoof:arp-spoof-dos                0.29  (0/6)
  P_pca_spe            control-and-freeze:control-and-freeze  0.62  (0/5)
  P_pca_spe            drift-off:drift-off                    0.44  (0/9)
  P_pca_spe            industroyer:industroyer                0.85  (6/9)

pre-registered criteria (REPORTED, not gated):
  MET    R-1 fused PN_max pooled ROC>=0.70 and lift>=2.0: ROC 0.728, lift 2.59x
  MET    R-2 industroyer PN_max >=5 events AUROC>=0.9: 7/9
  MET    R-3 arp-spoof N_pca_spe mean event AUROC>=0.70: 0.955 over 6 events
  MISSED F-1 PN_mean non-attack FPR<=0.05: PN_mean 0.148 vs PN_max 0.171
  MISSED F-2 control-and-freeze Nplus_pca_spe mean event AUROC>=0.70: 0.656 (N: 0.658)
  MET    F-3 PNplus_mean pooled ROC>=0.70 and lift>=2.0: ROC 0.722, lift 2.58x

wrote exp18_*_20261009T150422Z.csv

=== VALIDATION GATE (structural only) ===
  train grid has zero attack labels ... PASS
  all scores finite ... PASS
  grid uniform by construction (bin_s constant; staleness reported above) ... PASS
  event runs partition positive slices ... PASS
  every catalogued attack labelled ... PASS
  network features finite ... PASS

GATE PASSED (structural). Metrics above are reported, not gated.
exit=0
