exp19 seed=42 git_sha=f24afa9489dc0a59612dfdf2bf691b87c7aeb71b-dirty; 26 features: ('n_pkts', 'n_bytes', 'n_ipv4', 'n_ipv6', 'n_arp', 'n_arp_request', 'n_arp_reply', 'n_other_eth', 'n_tcp', 'n_udp', 'n_icmp', 'n_syn', 'n_rst', 'n_fin', 'n_iec104_pkts', 'n_iec104_i', 'n_iec104_s', 'n_iec104_u', 'iec104_payload_bytes', 'n_eth_broadcast', 'n_distinct_ip_pairs', 'n_distinct_src_ip', 'arp_ip_multi_mac', 'n_iec104_commands', 'n_switch_changes', 'nonfinite_total')
  clean 01-Basic/train: (21615, 26), attack labels 0
  clean 02-Semiurban/train: (21651, 26), attack labels 0

[01-Basic] (exploratory) fit on ['02-Semiurban']: PCA k=8 (0.9918); thresholds {"pca_spe": 0.218, "top_k_mean_abs_z": 3.334, "pca_spe_adaptive": 7.011, "top_k_mean_abs_z_adaptive": 4.634}
  pca_spe                    AUC-PR=0.5973 (base 0.1328, lift 4.50x) ROC-AUC=0.7934 | non-attack FPR 0.145, recall 0.609
  pca_spe_adaptive           AUC-PR=0.5803 (base 0.1328, lift 4.37x) ROC-AUC=0.7668 | non-attack FPR 0.045, recall 0.542
  top_k_mean_abs_z           AUC-PR=0.5977 (base 0.1328, lift 4.50x) ROC-AUC=0.7654 | non-attack FPR 0.063, recall 0.566
  top_k_mean_abs_z_adaptive  AUC-PR=0.5844 (base 0.1328, lift 4.40x) ROC-AUC=0.7550 | non-attack FPR 0.048, recall 0.522
    pca_spe arp-spoof:arp-spoof-dos                0.97 (2/2 >= 0.9), alarmed 2/2
    pca_spe control-and-freeze:control-and-freeze  0.88 (4/5 >= 0.9), alarmed 5/5
    pca_spe drift-off:drift-off                    0.77 (1/4 >= 0.9), alarmed 4/4
    pca_spe industroyer:industroyer                0.70 (1/7 >= 0.9), alarmed 7/7
  criteria (exploratory):
    MET    U-1 pca_spe pooled ROC>=0.70 and lift>=2.0: ROC 0.793, lift 4.50x
    MET    U-2 adaptive-threshold non-attack FPR<=0.05: 0.045 (static 0.145); recall 0.542
    MISSED U-3 industroyer >=5 events AUROC>=0.9 (03: of 8): 1/7
    MET    U-4 arp-spoof mean event AUROC>=0.80: 0.969

[02-Semiurban] (exploratory) fit on ['01-Basic']: PCA k=8 (0.9912); thresholds {"pca_spe": 0.207, "top_k_mean_abs_z": 2.262, "pca_spe_adaptive": 4.137, "top_k_mean_abs_z_adaptive": 2.96}
  pca_spe                    AUC-PR=0.5363 (base 0.2308, lift 2.32x) ROC-AUC=0.7170 | non-attack FPR 0.242, recall 0.578
  pca_spe_adaptive           AUC-PR=0.5645 (base 0.2308, lift 2.45x) ROC-AUC=0.6960 | non-attack FPR 0.077, recall 0.462
  top_k_mean_abs_z           AUC-PR=0.5293 (base 0.2308, lift 2.29x) ROC-AUC=0.7080 | non-attack FPR 0.174, recall 0.536
  top_k_mean_abs_z_adaptive  AUC-PR=0.5441 (base 0.2308, lift 2.36x) ROC-AUC=0.7173 | non-attack FPR 0.068, recall 0.413
    pca_spe arp-spoof:arp-spoof-dos                0.94 (5/6 >= 0.9), alarmed 6/6
    pca_spe control-and-freeze:control-and-freeze  0.69 (2/5 >= 0.9), alarmed 5/5
    pca_spe drift-off:drift-off                    0.73 (2/9 >= 0.9), alarmed 9/9
    pca_spe industroyer:industroyer                0.64 (2/9 >= 0.9), alarmed 9/9
  criteria (exploratory):
    MET    U-1 pca_spe pooled ROC>=0.70 and lift>=2.0: ROC 0.717, lift 2.32x
    MISSED U-2 adaptive-threshold non-attack FPR<=0.05: 0.077 (static 0.242); recall 0.462
    MISSED U-3 industroyer >=5 events AUROC>=0.9 (03: of 8): 2/9
    MET    U-4 arp-spoof mean event AUROC>=0.80: 0.944

[03-Rural] (confirmatory) fit on ['01-Basic', '02-Semiurban']: PCA k=8 (0.9901); thresholds {"pca_spe": 0.222, "top_k_mean_abs_z": 3.064, "pca_spe_adaptive": 7.204, "top_k_mean_abs_z_adaptive": 3.925}
  pca_spe                    AUC-PR=0.5767 (base 0.2327, lift 2.48x) ROC-AUC=0.7462 | non-attack FPR 0.076, recall 0.513
  pca_spe_adaptive           AUC-PR=0.5128 (base 0.2327, lift 2.20x) ROC-AUC=0.7386 | non-attack FPR 0.078, recall 0.516
  top_k_mean_abs_z           AUC-PR=0.5625 (base 0.2327, lift 2.42x) ROC-AUC=0.7587 | non-attack FPR 0.083, recall 0.541
  top_k_mean_abs_z_adaptive  AUC-PR=0.5690 (base 0.2327, lift 2.45x) ROC-AUC=0.7399 | non-attack FPR 0.075, recall 0.497
    pca_spe arp-spoof:arp-spoof-dos                0.94 (4/6 >= 0.9), alarmed 6/6
    pca_spe control-and-freeze:control-and-freeze  0.73 (2/5 >= 0.9), alarmed 5/5
    pca_spe drift-off:drift-off                    0.76 (3/9 >= 0.9), alarmed 9/9
    pca_spe industroyer:industroyer                0.75 (3/8 >= 0.9), alarmed 8/8
  criteria (confirmatory):
    MET    U-1 pca_spe pooled ROC>=0.70 and lift>=2.0: ROC 0.746, lift 2.48x
    MISSED U-2 adaptive-threshold non-attack FPR<=0.05: 0.078 (static 0.076); recall 0.516
    MISSED U-3 industroyer >=5 events AUROC>=0.9 (03: of 8): 3/8
    MET    U-4 arp-spoof mean event AUROC>=0.80: 0.939

wrote exp19_*_20261009T163931Z.csv

=== VALIDATION GATE (structural only) ===
  clean fit data has zero attack labels; all metrics finite ... PASS
  every evaluation's fit set excludes its target scenario ... PASS
exit=0
