running exp01_reproduce_paper.py fresh ...
/Users/bodapati/Downloads/CyberPhysicalDBN/.venv/lib/python3.11/site-packages/pgmpy/estimators/__init__.py:4: FutureWarning: `pgmpy.estimators.StructureScore` is deprecated and will be removed in v1.3.0. Use `pgmpy.structure_score` instead.
  from .StructureScore import (
reaction_mode: memoryless
running scenario1 / FF ...
  wrote /Users/bodapati/Downloads/CyberPhysicalDBN/results/exp01_scenario1_ff_memoryless_20260806T100532Z.csv
running scenario1 / EX ...
  wrote /Users/bodapati/Downloads/CyberPhysicalDBN/results/exp01_scenario1_ex_memoryless_20260806T100532Z.csv
running scenario2 / FF ...
  wrote /Users/bodapati/Downloads/CyberPhysicalDBN/results/exp01_scenario2_ff_memoryless_20260806T100532Z.csv
running scenario2 / EX ...
  wrote /Users/bodapati/Downloads/CyberPhysicalDBN/results/exp01_scenario2_ex_memoryless_20260806T100532Z.csv

wrote /Users/bodapati/Downloads/CyberPhysicalDBN/results/summaries/exp01_summary_memoryless_20260806T100532Z.csv
wrote plots to /Users/bodapati/Downloads/CyberPhysicalDBN/results/figures

=== VALIDATION GATE ===
check                                                           got    target    result
Scenario 2 @t=8: UnsecCred ~1.0                              1.0000      1.00      PASS
Scenario 2 @t=20: MITM ~1.0                                  0.9941      1.00      PASS
Scenario 2 @t=31: SpoofRepMsg ~1.0                           0.9947      1.00      PASS
Scenario 2 @t=31: CorrReact ~0.7                             0.6963      0.70      PASS
Scenario 2 @t=31: UnstablePS ~0.85                           0.8088      0.85      FAIL
Scenario 2 @t=52: UnauthCommand ~1.0                         0.9859      1.00      PASS
Scenario 2 @t=52: UnstablePS ~1.0                            0.9980      1.00      PASS

KL check                                                 got     at t        target
S1 UnstablePS KL peak (t~40-50)                      0.02734      6.6         ~2e-2
S1 CorrReact KL plateau                              0.03528             ~0.11-0.12
S1 MITM KL peak (t~10)                              0.007507      1.9       ~1.8e-2
S2 UnstablePS KL peak (t~31)                       1.612e-16      6.1      ~1.15e-2

horizon: 200 time units = 722 slices (delta_t = 166.13 s)
FF mean per-slice latency: 0.0279s (paper: ~0.03s)
scenario1/FF tracemalloc peak: 203.918 MB  (rss delta: -84.066 MB)
scenario1/EX tracemalloc peak: 203.938 MB  (rss delta: -29.065 MB)
scenario2/FF tracemalloc peak: 7.611 MB  (rss delta: -244.351 MB)
scenario2/EX tracemalloc peak: 10.181 MB  (rss delta: 6.423 MB)

Probability checks: SOME FAILED -- see above
Traceback (most recent call last):
  File "/Users/bodapati/Downloads/CyberPhysicalDBN/scripts/verify_reproducibility.py", line 226, in <module>
    raise SystemExit(main())
                     ^^^^^^
  File "/Users/bodapati/Downloads/CyberPhysicalDBN/scripts/verify_reproducibility.py", line 157, in main
    t0 = run_fresh("exp01_reproduce_paper.py")
         ^^^^^^^^^^^^^^^^^^^^^^^^^^^^^^^^^^^^^
  File "/Users/bodapati/Downloads/CyberPhysicalDBN/scripts/verify_reproducibility.py", line 86, in run_fresh
    raise RuntimeError(f"{script} exited with code {result.returncode}")
RuntimeError: exp01_reproduce_paper.py exited with code 1
