# Sherlock essential-member download (2026-09-28T12:18:29Z); source https://zenodo.org/records/15168928/files/<name>.zip via HTTP range; per-member CRC-32 verified
/dev/disk3s5   228Gi   187Gi    11Gi    95%    3.2M  118M    3%   /System/Volumes/Data
==> 02-Semiurban (essential members only)
  181 essential members, 668 MB compressed; skipping 8 large members (4.01 GB); 11.2 GiB free
  02-Semiurban/train.n406.state.gz: 298.1 MB in 9 chunks, 0 already done, 6 workers
  02-Semiurban/train.n406.state.gz:      0.0/298.1 MB   0.00 MB/s  eta 4969069.5 min (finished chunks only)
  02-Semiurban/train.n406.state.gz:      0.0/298.1 MB   0.00 MB/s  eta 4969069.5 min (finished chunks only)
  02-Semiurban/train.n406.state.gz:      0.0/298.1 MB   0.00 MB/s  eta 4969069.5 min (finished chunks only)
  02-Semiurban/train.n406.state.gz:    100.7/298.1 MB   0.42 MB/s  eta   7.8 min (finished chunks only)
  02-Semiurban/train.n406.state.gz:    201.3/298.1 MB   0.67 MB/s  eta   2.4 min (finished chunks only)
  02-Semiurban/train.n406.state.gz: 307.8 MB, CRC-32 verified
  02-Semiurban/test.n406.state.gz: 290.7 MB in 9 chunks, 0 already done, 6 workers
  02-Semiurban/test.n406.state.gz:      0.0/290.7 MB   0.00 MB/s  eta 4845273.3 min (finished chunks only)
  02-Semiurban/test.n406.state.gz:      0.0/290.7 MB   0.00 MB/s  eta 4845273.3 min (finished chunks only)
  02-Semiurban/test.n406.state.gz:     33.6/290.7 MB   0.19 MB/s  eta  23.0 min (finished chunks only)
  02-Semiurban/test.n406.state.gz:    167.8/290.7 MB   0.70 MB/s  eta   2.9 min (finished chunks only)
  02-Semiurban/test.n406.state.gz: 300.5 MB, CRC-32 verified
  02-Semiurban/raw/test/pcap/switch-n502-pcap-mir3.pcap: 16.7 MB in 1 chunks, 0 already done, 6 workers
  02-Semiurban/raw/test/pcap/switch-n502-pcap-mir3.pcap: 80.9 MB, CRC-32 verified
  02-Semiurban/raw/train/pcap/switch-n502-pcap-mir3.pcap: 16.0 MB in 1 chunks, 0 already done, 6 workers
  02-Semiurban/raw/train/pcap/switch-n502-pcap-mir3.pcap: 76.8 MB, CRC-32 verified
  02-Semiurban/raw/train/pcap/switch-n532-pcap-mir2.pcap: 9.5 MB in 1 chunks, 0 already done, 6 workers
  02-Semiurban/raw/train/pcap/switch-n532-pcap-mir2.pcap: 73.7 MB, CRC-32 verified
  02-Semiurban/raw/test/pcap/switch-n532-pcap-mir2.pcap: 9.0 MB in 1 chunks, 0 already done, 6 workers
  02-Semiurban/raw/test/pcap/switch-n532-pcap-mir2.pcap: 72.8 MB, CRC-32 verified
  02-Semiurban/raw/test/pcap/switch-n523-pcap-mir4.pcap: 8.8 MB in 1 chunks, 0 already done, 6 workers
  02-Semiurban/raw/test/pcap/switch-n523-pcap-mir4.pcap: 37.7 MB, CRC-32 verified
  02-Semiurban/raw/train/pcap/switch-n407-pcap-mir5.pcap: 6.8 MB in 1 chunks, 0 already done, 6 workers
  02-Semiurban/raw/train/pcap/switch-n407-pcap-mir5.pcap: 22.6 MB, CRC-32 verified
  02-Semiurban/raw/test/pcap/switch-n407-pcap-mir5.pcap: 6.3 MB in 1 chunks, 0 already done, 6 workers
  02-Semiurban/raw/test/pcap/switch-n407-pcap-mir5.pcap: 20.7 MB, CRC-32 verified
  02-Semiurban/raw/train/pcap/switch-n523-pcap-mir2.pcap: 2.4 MB in 1 chunks, 0 already done, 6 workers
  02-Semiurban/raw/train/pcap/switch-n523-pcap-mir2.pcap: 8.3 MB, CRC-32 verified
  02-Semiurban/raw/train/docs/combined.pdf: 0.6 MB in 1 chunks, 0 already done, 6 workers
  02-Semiurban/raw/train/docs/combined.pdf: 2.8 MB, CRC-32 verified
  02-Semiurban/raw/test/docs/combined.pdf: 0.6 MB in 1 chunks, 0 already done, 6 workers
  02-Semiurban/raw/test/docs/combined.pdf: 2.8 MB, CRC-32 verified
  02-Semiurban/raw/test/docs/network.pdf: 0.3 MB in 1 chunks, 0 already done, 6 workers
  02-Semiurban/raw/test/docs/network.pdf: 2.6 MB, CRC-32 verified
  02-Semiurban/raw/train/docs/network.pdf: 0.3 MB in 1 chunks, 0 already done, 6 workers
  02-Semiurban/raw/train/docs/network.pdf: 2.6 MB, CRC-32 verified
  02-Semiurban/raw/test/events.jsonl: 0.3 MB in 1 chunks, 0 already done, 6 workers
  02-Semiurban/raw/test/events.jsonl: 4.5 MB, CRC-32 verified
  02-Semiurban/raw/test/log/mtu-n1-vcc-service.log: 0.2 MB in 1 chunks, 0 already done, 6 workers
  02-Semiurban/raw/test/log/mtu-n1-vcc-service.log: 3.6 MB, CRC-32 verified
  02-Semiurban/raw/test/docs/power-grid.pdf: 0.2 MB in 1 chunks, 0 already done, 6 workers
  02-Semiurban/raw/test/docs/power-grid.pdf: 0.2 MB, CRC-32 verified
  02-Semiurban/raw/train/docs/power-grid.pdf: 0.2 MB in 1 chunks, 0 already done, 6 workers
  02-Semiurban/raw/train/docs/power-grid.pdf: 0.2 MB, CRC-32 verified
  02-Semiurban/raw/train/log/mtu-n1-vcc-service.log: 0.1 MB in 1 chunks, 0 already done, 6 workers
  02-Semiurban/raw/train/log/mtu-n1-vcc-service.log: 1.8 MB, CRC-32 verified
  02-Semiurban/raw/test/docs/combined.svg: 0.1 MB in 1 chunks, 0 already done, 6 workers
  02-Semiurban/raw/test/docs/combined.svg: 2.7 MB, CRC-32 verified
  02-Semiurban/raw/train/docs/combined.svg: 0.1 MB in 1 chunks, 0 already done, 6 workers
  02-Semiurban/raw/train/docs/combined.svg: 2.7 MB, CRC-32 verified
  02-Semiurban/raw/test/docs/power-grid.svg: 0.1 MB in 1 chunks, 0 already done, 6 workers
  02-Semiurban/raw/test/docs/power-grid.svg: 1.8 MB, CRC-32 verified
  02-Semiurban/raw/train/docs/power-grid.svg: 0.1 MB in 1 chunks, 0 already done, 6 workers
  02-Semiurban/raw/train/docs/power-grid.svg: 1.8 MB, CRC-32 verified
  02-Semiurban/raw/train/data-point-map.json: 0.1 MB in 1 chunks, 0 already done, 6 workers
  02-Semiurban/raw/train/data-point-map.json: 1.0 MB, CRC-32 verified
  02-Semiurban/raw/test/data-point-map.json: 0.1 MB in 1 chunks, 0 already done, 6 workers
  02-Semiurban/raw/test/data-point-map.json: 1.0 MB, CRC-32 verified
